// Jest Snapshot v1, https://goo.gl/fbAQLP

exports[`other plugins should continue if another plugin throws errors in callback methods 1`] = `Array []`;

exports[`should load and track events to a custom destination (no validation) 1`] = `
Array [
  Array [
    "CustomPlugin: ",
    "load() environment='production'",
  ],
  Array [
    "CustomPlugin: ",
    "validate() event='identify' properties={\\"userProp\\":1}",
  ],
  Array [
    "CustomPlugin: ",
    "identify() userId='undefined' properties={\\"userProp\\":1}",
  ],
  Array [
    "CustomPlugin: ",
    "postIdentify() userId='undefined' properties={\\"userProp\\":1} validationResponses=[{\\"valid\\":true,\\"pluginId\\":\\"custom\\"}]",
  ],
  Array [
    "CustomPlugin: ",
    "alias() userId='test-user-id' previousId='undefined'",
  ],
  Array [
    "CustomPlugin: ",
    "validate() event='group' properties={\\"groupProp\\":\\"test value\\"}",
  ],
  Array [
    "CustomPlugin: ",
    "group() userId='undefined' groupId='a-group-id' properties={\\"groupProp\\":\\"test value\\"}",
  ],
  Array [
    "CustomPlugin: ",
    "postGroup() userId='undefined' groupId='a-group-id' properties={\\"groupProp\\":\\"test value\\"} validationResponses=[{\\"valid\\":true,\\"pluginId\\":\\"custom\\"}]",
  ],
  Array [
    "CustomPlugin: ",
    "validate() event='page' properties={\\"pageProp\\":\\"a page property\\"}",
  ],
  Array [
    "CustomPlugin: ",
    "page() userId='undefined' category='page category' name='page name' properties={\\"pageProp\\":\\"a page property\\"}",
  ],
  Array [
    "CustomPlugin: ",
    "postPage() userId='undefined' category='page category' name='page name' properties={\\"pageProp\\":\\"a page property\\"} validationResponses=[{\\"valid\\":true,\\"pluginId\\":\\"custom\\"}]",
  ],
  Array [
    "CustomPlugin: ",
    "validate() event='Event No Properties' properties=undefined",
  ],
  Array [
    "CustomPlugin: ",
    "validate() event='context' properties={\\"requiredString\\":\\"A required string\\",\\"optionalEnum\\":\\"Value 1\\"}",
  ],
  Array [
    "CustomPlugin: ",
    "track() userId='undefined' event='Event No Properties' properties={\\"requiredString\\":\\"A required string\\",\\"optionalEnum\\":\\"Value 1\\"}",
  ],
  Array [
    "CustomPlugin: ",
    "postTrack() userId='undefined' event='Event No Properties' properties={\\"requiredString\\":\\"A required string\\",\\"optionalEnum\\":\\"Value 1\\"} validationResponses=[{\\"valid\\":true,\\"pluginId\\":\\"custom\\"},{\\"valid\\":true,\\"pluginId\\":\\"custom\\"}]",
  ],
  Array [
    "CustomPlugin: ",
    "validate() event='Event With All Properties' properties={\\"requiredString\\":\\"A required string\\",\\"requiredNumber\\":2,\\"requiredInteger\\":42,\\"requiredEnum\\":\\"Enum1\\",\\"requiredBoolean\\":false,\\"requiredConst\\":\\"some-const-value\\",\\"requiredArray\\":[\\"required\\",\\"array\\"],\\"optionalString\\":\\"I'm optional!\\"}",
  ],
  Array [
    "CustomPlugin: ",
    "validate() event='context' properties={\\"requiredString\\":\\"A required string\\",\\"optionalEnum\\":\\"Value 1\\"}",
  ],
  Array [
    "CustomPlugin: ",
    "track() userId='undefined' event='Event With All Properties' properties={\\"requiredString\\":\\"A required string\\",\\"optionalEnum\\":\\"Value 1\\",\\"requiredNumber\\":2,\\"requiredInteger\\":42,\\"requiredEnum\\":\\"Enum1\\",\\"requiredBoolean\\":false,\\"requiredConst\\":\\"some-const-value\\",\\"requiredArray\\":[\\"required\\",\\"array\\"],\\"optionalString\\":\\"I'm optional!\\"}",
  ],
  Array [
    "CustomPlugin: ",
    "postTrack() userId='undefined' event='Event With All Properties' properties={\\"requiredString\\":\\"A required string\\",\\"optionalEnum\\":\\"Value 1\\",\\"requiredNumber\\":2,\\"requiredInteger\\":42,\\"requiredEnum\\":\\"Enum1\\",\\"requiredBoolean\\":false,\\"requiredConst\\":\\"some-const-value\\",\\"requiredArray\\":[\\"required\\",\\"array\\"],\\"optionalString\\":\\"I'm optional!\\"} validationResponses=[{\\"valid\\":true,\\"pluginId\\":\\"custom\\"},{\\"valid\\":true,\\"pluginId\\":\\"custom\\"}]",
  ],
  Array [
    "CustomPlugin: ",
    "validate() event='EventMaxIntForTest' properties={\\"intMax10\\":20}",
  ],
  Array [
    "CustomPlugin: ",
    "validate() event='context' properties={\\"requiredString\\":\\"A required string\\",\\"optionalEnum\\":\\"Value 1\\"}",
  ],
  Array [
    "CustomPlugin: ",
    "track() userId='undefined' event='EventMaxIntForTest' properties={\\"requiredString\\":\\"A required string\\",\\"optionalEnum\\":\\"Value 1\\",\\"intMax10\\":20}",
  ],
  Array [
    "CustomPlugin: ",
    "postTrack() userId='undefined' event='EventMaxIntForTest' properties={\\"requiredString\\":\\"A required string\\",\\"optionalEnum\\":\\"Value 1\\",\\"intMax10\\":20} validationResponses=[{\\"valid\\":true,\\"pluginId\\":\\"custom\\"},{\\"valid\\":true,\\"pluginId\\":\\"custom\\"}]",
  ],
  Array [
    "CustomPlugin.id()",
    "custom",
  ],
]
`;
